// Jest Snapshot v1, https://goo.gl/fbAQLP

exports[`<Footer /> Should render correctly 1`] = `
"<div data-test=\\"footerComponent\\">
  <div className=\\"container mx-auto px-6\\">
    <div className=\\"mt-16 border-t-2 border-gray-300 flex flex-col items-center\\">
      <div className=\\"sm:w-2/3 text-center py-6\\">
        <p className=\\"text-sm text-blue-700 font-bold mb-2\\">
          Â© 2021 by poc
        </p>
      </div>
    </div>
  </div>
</div>"
`;
