// Jest Snapshot v1, https://goo.gl/fbAQLP

exports[`GetPosts reducer inital state 1`] = `
Object {
  "error": false,
  "isLoading": true,
  "placeholderData": null,
}
`;
